Route: monitor (tedge/health/+)

Input Message
  topic:    tedge/health/tedge-agent

Output Message (mqtt)
  topic:    c8y/s/us
306,tedge_service_down_tedge-agent