Route: monitor (te/+/+/+/+/status/health)

Input Message
  topic:    te/device/main/service/custom-bridge/status/health

Output Message (mqtt)
  topic:    c8y/s/us
306,tedge_service_down_custom-bridge